


ARM Macro Assembler    Page 1 


    1 00000000                 area             lab3_1, code
    2 00000000                 entry
    3 00000000         __main  proc
    4 00000000                 export           __main [weak]
    5 00000000 F04F 0032 
                       start   ldr              r0, =0x32
    6 00000004 4905            ldr              r1, data1
    7 00000006 A205            adr              r2, data1
    8 00000008 7913            ldrb             r3, [r2, #0x04]
    9 0000000A 4C0D            ldr              r4, =data6
   10 0000000C 6023            str              r3, [r4]
   11 0000000E 4D03            ldr              r5, data1
   12 00000010 4D04            ldr              r5, data2
   13 00000012 4D05            ldr              r5, data3
   14 00000014 4D06            ldr              r5, data4
   15 00000016 4D07            ldr              r5, data5
   16 00000018 6065            str              r5, [r4, #0x4]
   17 0000001A         ;  b .
   18 0000001A                 endp
   19 0000001A 00 00           align
   20 0000001C 12345678 
              BABEFACE data1   dcd              0x12345678, 0xbabeface
   21 00000024 12 34   data2   dcb              0x12, 0x34
   22 00000026 00 00           align
   23 00000028 00000056 
              00000078 data3   dcd              0x56, 0x78
   24 00000030 AB 00 CD 
              00       data4   dcw              0xab, 0xcd
   25 00000034 42 65 20 
              53 6D 61 
              72 74 21 data5   dcb              "Be Smart!"
   26 0000003D 00 00 00        align
   27 00000040 00000000        area             lab3data, data
   28 00000000 00 00 00 
              00 00 00 
              00 00 00 
              00 00 00 
              00 00 00 
              00       data6   space            16
   29 00000010                 end
Command Line: --debug --xref --diag_suppress=9931,A1950W --cpu=Cortex-M3 --depe
nd=.\objects\lab3_1.d -o.\objects\lab3_1.o -I.\RTE\Device\STM32F103RB -I.\RTE\_
Target_1 -IC:\Users\jwkim\AppData\Local\Arm\Packs\ARM\CMSIS\5.9.0\CMSIS\Core\In
clude -IC:\Users\jwkim\AppData\Local\Arm\Packs\Keil\STM32F1xx_DFP\2.4.0\Device\
Include --predefine="__EVAL SETA 1" --predefine="__UVISION_VERSION SETA 538" --
predefine="_RTE_ SETA 1" --predefine="STM32F10X_MD SETA 1" --predefine="_RTE_ S
ETA 1" --predefine="STM32F10x_MD_VL SETA 1" --list=.\listings\lab3_1.lst lab3_1
.s



ARM Macro Assembler    Page 1 Alphabetic symbol ordering
Relocatable symbols

__main 00000000

Symbol: __main
   Definitions
      At line 3 in file lab3_1.s
   Uses
      At line 4 in file lab3_1.s
Comment: __main used once
data1 0000001C

Symbol: data1
   Definitions
      At line 20 in file lab3_1.s
   Uses
      At line 6 in file lab3_1.s
      At line 7 in file lab3_1.s
      At line 11 in file lab3_1.s

data2 00000024

Symbol: data2
   Definitions
      At line 21 in file lab3_1.s
   Uses
      At line 12 in file lab3_1.s
Comment: data2 used once
data3 00000028

Symbol: data3
   Definitions
      At line 23 in file lab3_1.s
   Uses
      At line 13 in file lab3_1.s
Comment: data3 used once
data4 00000030

Symbol: data4
   Definitions
      At line 24 in file lab3_1.s
   Uses
      At line 14 in file lab3_1.s
Comment: data4 used once
data5 00000034

Symbol: data5
   Definitions
      At line 25 in file lab3_1.s
   Uses
      At line 15 in file lab3_1.s
Comment: data5 used once
lab3_1 00000000

Symbol: lab3_1
   Definitions
      At line 1 in file lab3_1.s
   Uses
      None
Comment: lab3_1 unused
start 00000000



ARM Macro Assembler    Page 2 Alphabetic symbol ordering
Relocatable symbols


Symbol: start
   Definitions
      At line 5 in file lab3_1.s
   Uses
      None
Comment: start unused
8 symbols



ARM Macro Assembler    Page 1 Alphabetic symbol ordering
Relocatable symbols

data6 00000000

Symbol: data6
   Definitions
      At line 28 in file lab3_1.s
   Uses
      At line 9 in file lab3_1.s
Comment: data6 used once
lab3data 00000000

Symbol: lab3data
   Definitions
      At line 27 in file lab3_1.s
   Uses
      None
Comment: lab3data unused
2 symbols
347 symbols in table
