


ARM Macro Assembler    Page 1 


    1 00000000                 area             lab5_4, code
    2 00000000                 entry
    3 00000000         __main  proc
    4 00000000                 export           __main [weak]
    5 00000000 F04F 0308       mov              r3, #0x08
    6 00000004 490A            ldr              r1, =s_data
    7 00000006 4A0B            ldr              r2, =d_data
    8 00000008 F811 0B01 
                       lp      ldrb             r0, [r1], #1
    9 0000000C F802 0B01       strb             r0, [r2], #1
   10 00000010 F811 0B01       ldrb             r0, [r1], #1
   11 00000014 F802 0B01       strb             r0, [r2], #1
   12 00000018 3B01            subs             r3, #1
   13 0000001A D1F5            bne              lp
   14 0000001C E7FE    here    b                here
   15 0000001E 53 6F 67 
              61 6E 67 
              20 55 6E 
              69 76 65 
              72 69 73 
              79       s_data  dcb              "Sogang Univerisy"
   16 0000002E                 endp
   17 0000002E 00 00           align
   18 00000030 00000000 
              00000000         area             lab5data, data
   19 00000000 00 00 00 
              00 00 00 
              00 00 00 
              00 00 00 
              00 00 00 
              00       d_data  space            16
   20 00000010                 end
Command Line: --debug --xref --diag_suppress=9931,A1950W --cpu=Cortex-M3 --depe
nd=.\objects\lab5_4.d -o.\objects\lab5_4.o -I.\RTE\Device\STM32F103RB -I.\RTE\_
Target_1 -IC:\Users\jwkim\AppData\Local\Arm\Packs\ARM\CMSIS\5.9.0\CMSIS\Core\In
clude -IC:\Users\jwkim\AppData\Local\Arm\Packs\Keil\STM32F1xx_DFP\2.4.0\Device\
Include --predefine="__EVAL SETA 1" --predefine="__UVISION_VERSION SETA 538" --
predefine="_RTE_ SETA 1" --predefine="STM32F10X_MD SETA 1" --predefine="_RTE_ S
ETA 1" --predefine="STM32F10x_MD_VL SETA 1" --list=.\listings\lab5_4.lst Lab5_4
.s



ARM Macro Assembler    Page 1 Alphabetic symbol ordering
Relocatable symbols

__main 00000000

Symbol: __main
   Definitions
      At line 3 in file Lab5_4.s
   Uses
      At line 4 in file Lab5_4.s
Comment: __main used once
here 0000001C

Symbol: here
   Definitions
      At line 14 in file Lab5_4.s
   Uses
      At line 14 in file Lab5_4.s
Comment: here used once
lab5_4 00000000

Symbol: lab5_4
   Definitions
      At line 1 in file Lab5_4.s
   Uses
      None
Comment: lab5_4 unused
lp 00000008

Symbol: lp
   Definitions
      At line 8 in file Lab5_4.s
   Uses
      At line 13 in file Lab5_4.s
Comment: lp used once
s_data 0000001E

Symbol: s_data
   Definitions
      At line 15 in file Lab5_4.s
   Uses
      At line 6 in file Lab5_4.s
Comment: s_data used once
5 symbols



ARM Macro Assembler    Page 1 Alphabetic symbol ordering
Relocatable symbols

d_data 00000000

Symbol: d_data
   Definitions
      At line 19 in file Lab5_4.s
   Uses
      At line 7 in file Lab5_4.s
Comment: d_data used once
lab5data 00000000

Symbol: lab5data
   Definitions
      At line 18 in file Lab5_4.s
   Uses
      None
Comment: lab5data unused
2 symbols
344 symbols in table
