


ARM Macro Assembler    Page 1 


    1 00000000                 area             lab5_1, code
    2 00000000                 entry
    3 00000000         __main  proc
    4 00000000                 export           __main [weak]
    5 00000000 F04F 0108 
                       start   mov              r1, #8
    6 00000004 F04F 0220       mov              r2, #32
    7 00000008 4291    gcd     cmp              r1,r2
    8 0000000A D006            beq              done
    9 0000000C DB02            blt              less
   10 0000000E EBA1 0102       sub              r1,r1,r2
   11 00000012 E7F9            b                gcd
   12 00000014 EBA2 0201 
                       less    sub              r2,r2,r1
   13 00000018 E7F6            b                gcd
   14 0000001A         ;  space 0x800
   15 0000001A         done
   16 0000001A E7FE            b                .
   17 0000001C         ;  ldr  r3, =start
   18 0000001C         ;  bx  r3
   19 0000001C                 align
   20 0000001C                 endp
   21 0000001C                 end
Command Line: --debug --xref --diag_suppress=9931,A1950W --cpu=Cortex-M3 --depe
nd=.\objects\lab5_1.d -o.\objects\lab5_1.o -I.\RTE\Device\STM32F103RB -I.\RTE\_
Target_1 -IC:\Users\jwkim\AppData\Local\Arm\Packs\ARM\CMSIS\5.9.0\CMSIS\Core\In
clude -IC:\Users\jwkim\AppData\Local\Arm\Packs\Keil\STM32F1xx_DFP\2.4.0\Device\
Include --predefine="__EVAL SETA 1" --predefine="__UVISION_VERSION SETA 538" --
predefine="_RTE_ SETA 1" --predefine="STM32F10X_MD SETA 1" --predefine="_RTE_ S
ETA 1" --predefine="STM32F10x_MD_VL SETA 1" --list=.\listings\lab5_1.lst Lab5_1
.s



ARM Macro Assembler    Page 1 Alphabetic symbol ordering
Relocatable symbols

__main 00000000

Symbol: __main
   Definitions
      At line 3 in file Lab5_1.s
   Uses
      At line 4 in file Lab5_1.s
Comment: __main used once
done 0000001A

Symbol: done
   Definitions
      At line 15 in file Lab5_1.s
   Uses
      At line 8 in file Lab5_1.s
Comment: done used once
gcd 00000008

Symbol: gcd
   Definitions
      At line 7 in file Lab5_1.s
   Uses
      At line 11 in file Lab5_1.s
      At line 13 in file Lab5_1.s

lab5_1 00000000

Symbol: lab5_1
   Definitions
      At line 1 in file Lab5_1.s
   Uses
      None
Comment: lab5_1 unused
less 00000014

Symbol: less
   Definitions
      At line 12 in file Lab5_1.s
   Uses
      At line 9 in file Lab5_1.s
Comment: less used once
start 00000000

Symbol: start
   Definitions
      At line 5 in file Lab5_1.s
   Uses
      None
Comment: start unused
6 symbols
341 symbols in table
