


ARM Macro Assembler    Page 1 


    1 00000000                 area             lab5_3, code
    2 00000000                 entry
    3 00000000         __main  proc
    4 00000000                 export           __main [weak]
    5 00000000 F04F 0301       mov              r3, #1      ; comp type - 0:add
                                                            , 1:sub, 2:mul, 3:d
                                                            iv
    6 00000004 F04F 0108       mov              r1, #8
    7 00000008 F04F 0203       mov              r2, #3
    8 0000000C A409            adr              r4, jtable
    9 0000000E E8D4 F003       tbb              [r4, r3]
   10 00000012 EB01 0002 
                       doadd   add              r0,r1,r2
   11 00000016 E009            b                svr0
   12 00000018 EBA1 0002 
                       dosub   sub              r0,r1,r2
   13 0000001C E006            b                svr0
   14 0000001E FB01 F002 
                       domul   mul              r0,r1,r2
   15 00000022 F380 0008       usat             r0,#8,r0
   16 00000026 E001            b                svr0
   17 00000028 FBB1 F0F2 
                       dodiv   udiv             r0,r1,r2
   18 0000002C 4D02    svr0    ldr              r5, =result
   19 0000002E 6028            str              r0, [r5]
   20 00000030 E7FE            b                .
   21 00000032 00 00           align
   22 00000034         jtable
   23 00000034 00              dcb              0
   24 00000035 03              dcb              ((dosub-doadd)/2)
   25 00000036 06              dcb              ((domul-doadd)/2)
   26 00000037 0B              dcb              ((dodiv-doadd)/2)
   27 00000038                 endp
   28 00000038 00000000        area             lab5data,data
   29 00000000 00000000 
                       result  dcd              0
   30 00000004                 end
Command Line: --debug --xref --diag_suppress=9931,A1950W --cpu=Cortex-M3 --depe
nd=.\objects\lab5_3.d -o.\objects\lab5_3.o -I.\RTE\Device\STM32F103RB -I.\RTE\_
Target_1 -IC:\Users\jwkim\AppData\Local\Arm\Packs\ARM\CMSIS\5.9.0\CMSIS\Core\In
clude -IC:\Users\jwkim\AppData\Local\Arm\Packs\Keil\STM32F1xx_DFP\2.4.0\Device\
Include --predefine="__EVAL SETA 1" --predefine="__UVISION_VERSION SETA 538" --
predefine="_RTE_ SETA 1" --predefine="STM32F10X_MD SETA 1" --predefine="_RTE_ S
ETA 1" --predefine="STM32F10x_MD_VL SETA 1" --list=.\listings\lab5_3.lst Lab5_3
.s



ARM Macro Assembler    Page 1 Alphabetic symbol ordering
Relocatable symbols

__main 00000000

Symbol: __main
   Definitions
      At line 3 in file Lab5_3.s
   Uses
      At line 4 in file Lab5_3.s
Comment: __main used once
doadd 00000012

Symbol: doadd
   Definitions
      At line 10 in file Lab5_3.s
   Uses
      At line 24 in file Lab5_3.s
      At line 25 in file Lab5_3.s
      At line 26 in file Lab5_3.s

dodiv 00000028

Symbol: dodiv
   Definitions
      At line 17 in file Lab5_3.s
   Uses
      At line 26 in file Lab5_3.s
Comment: dodiv used once
domul 0000001E

Symbol: domul
   Definitions
      At line 14 in file Lab5_3.s
   Uses
      At line 25 in file Lab5_3.s
Comment: domul used once
dosub 00000018

Symbol: dosub
   Definitions
      At line 12 in file Lab5_3.s
   Uses
      At line 24 in file Lab5_3.s
Comment: dosub used once
jtable 00000034

Symbol: jtable
   Definitions
      At line 22 in file Lab5_3.s
   Uses
      At line 8 in file Lab5_3.s
Comment: jtable used once
lab5_3 00000000

Symbol: lab5_3
   Definitions
      At line 1 in file Lab5_3.s
   Uses
      None
Comment: lab5_3 unused
svr0 0000002C



ARM Macro Assembler    Page 2 Alphabetic symbol ordering
Relocatable symbols


Symbol: svr0
   Definitions
      At line 18 in file Lab5_3.s
   Uses
      At line 11 in file Lab5_3.s
      At line 13 in file Lab5_3.s
      At line 16 in file Lab5_3.s

8 symbols



ARM Macro Assembler    Page 1 Alphabetic symbol ordering
Relocatable symbols

lab5data 00000000

Symbol: lab5data
   Definitions
      At line 28 in file Lab5_3.s
   Uses
      None
Comment: lab5data unused
result 00000000

Symbol: result
   Definitions
      At line 29 in file Lab5_3.s
   Uses
      At line 18 in file Lab5_3.s
Comment: result used once
2 symbols
347 symbols in table
