


ARM Macro Assembler    Page 1 


    1 00000000                 area             lab4_ex, code
    2 00000000                 entry
    3 00000000         __main  proc
    4 00000000                 export           __main [weak]
    5 00000000 480B    start   ldr              r0, data1
    6 00000002 490D            ldr              r1, data3
    7 00000004 F04F 0202       mov              r2, #0x02
    8 00000008 FB81 3402       smull            r3, r4, r1, r2
    9 0000000C FB80 3401       smull            r3, r4, r0, r1
   10 00000010 480A            ldr              r0, data4
   11 00000012 FB80 3401       smull            r3, r4, r0, r1
   12 00000016         ; ~Ex_1
   13 00000016 F360 2113       bfi              r1, r0, #8, #12
   14 0000001A         ; ~Ex_2
   15 0000001A BA40            rev16            r0, r0
   16 0000001C         ; ~Ex_3
   17 0000001C 4809            ldr              r0, =0x7FFFFFF0
   18 0000001E 490A            ldr              r1, =0x8000000F
   19 00000020 4288            cmp              r0, r1
   20 00000022 BFB8 4802       ldrlt            r0, data1
   21 00000026 BFD8 4902       ldrle            r1, data2
   22 0000002A EB00 0201       add              r2, r0, r1
   23 0000002E         ; ~Ex_5  
   24 0000002E E7FE            b                .
   25 00000030                 endp
   26 00000030                 align
   27 00000030 67000005 
                       data1   dcd              0x67000005
   28 00000034 41000000 
                       data2   dcd              0x41000000
   29 00000038 B7000000 
                       data3   dcd              0xb7000000
   30 0000003C B1234567 
                       data4   dcd              0xb1234567
   31 00000040 A0000000 
                       data5   dcd              0xa0000000
   32 00000044                 end
              7FFFFFF0 
              8000000F 
Command Line: --debug --xref --diag_suppress=9931,A1950W --cpu=Cortex-M3 --depe
nd=.\objects\lab4_ex.d -o.\objects\lab4_ex.o -I.\RTE\Device\STM32F103RB -I.\RTE
\_Target_1 -IC:\Users\jwkim\AppData\Local\Arm\Packs\ARM\CMSIS\5.9.0\CMSIS\Core\
Include -IC:\Users\jwkim\AppData\Local\Arm\Packs\Keil\STM32F1xx_DFP\2.4.0\Devic
e\Include --predefine="__EVAL SETA 1" --predefine="__UVISION_VERSION SETA 538" 
--predefine="_RTE_ SETA 1" --predefine="STM32F10X_MD SETA 1" --predefine="_RTE_
 SETA 1" --predefine="STM32F10x_MD_VL SETA 1" --list=.\listings\lab4_ex.lst lab
4_ex.s



ARM Macro Assembler    Page 1 Alphabetic symbol ordering
Relocatable symbols

__main 00000000

Symbol: __main
   Definitions
      At line 3 in file lab4_ex.s
   Uses
      At line 4 in file lab4_ex.s
Comment: __main used once
data1 00000030

Symbol: data1
   Definitions
      At line 27 in file lab4_ex.s
   Uses
      At line 5 in file lab4_ex.s
      At line 20 in file lab4_ex.s

data2 00000034

Symbol: data2
   Definitions
      At line 28 in file lab4_ex.s
   Uses
      At line 21 in file lab4_ex.s
Comment: data2 used once
data3 00000038

Symbol: data3
   Definitions
      At line 29 in file lab4_ex.s
   Uses
      At line 6 in file lab4_ex.s
Comment: data3 used once
data4 0000003C

Symbol: data4
   Definitions
      At line 30 in file lab4_ex.s
   Uses
      At line 10 in file lab4_ex.s
Comment: data4 used once
data5 00000040

Symbol: data5
   Definitions
      At line 31 in file lab4_ex.s
   Uses
      None
Comment: data5 unused
lab4_ex 00000000

Symbol: lab4_ex
   Definitions
      At line 1 in file lab4_ex.s
   Uses
      None
Comment: lab4_ex unused
start 00000000




ARM Macro Assembler    Page 2 Alphabetic symbol ordering
Relocatable symbols

Symbol: start
   Definitions
      At line 5 in file lab4_ex.s
   Uses
      None
Comment: start unused
8 symbols
345 symbols in table
