


ARM Macro Assembler    Page 1 


    1 00000000                 area             lab4_2, code
    2 00000000                 entry
    3 00000000         __main  proc
    4 00000000                 export           __main [weak]
    5 00000000         start
    6 00000000 480D            ldr              r0, data3
    7 00000002 10C1            asrs             r1, r0, #0x3
    8 00000004         ;
    9 00000004         ;
   10 00000004 480B            ldr              r0, data2
   11 00000006 F04F 0102       mov              r1, #0x02
   12 0000000A FB00 F201       mul              r2, r0, r1
   13 0000000E         ;
   14 0000000E 4A08            ldr              r2, data1
   15 00000010 FBA0 3402       umull            r3, r4, r0, r2
   16 00000014         ;
   17 00000014 480B            ldr              r0, =data1
   18 00000016 E890 001E       ldm              r0, {r1,r2,r3,r4}
   19 0000001A F04F 0004       mov              r0, #0x04
   20 0000001E FBB1 F5F0       udiv             r5, r1, r0
   21 00000022 FBB1 F6F2       udiv             r6, r1, r2
   22 00000026 FB94 F5F0       sdiv             r5, r4, r0
   23 0000002A FB94 F6F3       sdiv             r6, r4, r3
   24 0000002E         ;
   25 0000002E E7FE            b                .
   26 00000030                 endp
   27 00000030                 align
   28 00000030 67000005 
                       data1   dcd              0x67000005
   29 00000034 41000000 
                       data2   dcd              0x41000000
   30 00000038 B7000005 
                       data3   dcd              0xb7000005
   31 0000003C B1234567 
                       data4   dcd              0xb1234567
   32 00000040 A0000000 
                       data5   dcd              0xa0000000
   33 00000044                 end
              00000000 
Command Line: --debug --xref --diag_suppress=9931,A1950W --cpu=Cortex-M3 --depe
nd=.\objects\lab4_2.d -o.\objects\lab4_2.o -I.\RTE\Device\STM32F103RB -I.\RTE\_
Target_1 -IC:\Users\jwkim\AppData\Local\Arm\Packs\ARM\CMSIS\5.9.0\CMSIS\Core\In
clude -IC:\Users\jwkim\AppData\Local\Arm\Packs\Keil\STM32F1xx_DFP\2.4.0\Device\
Include --predefine="__EVAL SETA 1" --predefine="__UVISION_VERSION SETA 538" --
predefine="_RTE_ SETA 1" --predefine="STM32F10X_MD SETA 1" --predefine="_RTE_ S
ETA 1" --predefine="STM32F10x_MD_VL SETA 1" --list=.\listings\lab4_2.lst Lab4_2
.s



ARM Macro Assembler    Page 1 Alphabetic symbol ordering
Relocatable symbols

__main 00000000

Symbol: __main
   Definitions
      At line 3 in file Lab4_2.s
   Uses
      At line 4 in file Lab4_2.s
Comment: __main used once
data1 00000030

Symbol: data1
   Definitions
      At line 28 in file Lab4_2.s
   Uses
      At line 14 in file Lab4_2.s
      At line 17 in file Lab4_2.s

data2 00000034

Symbol: data2
   Definitions
      At line 29 in file Lab4_2.s
   Uses
      At line 10 in file Lab4_2.s
Comment: data2 used once
data3 00000038

Symbol: data3
   Definitions
      At line 30 in file Lab4_2.s
   Uses
      At line 6 in file Lab4_2.s
Comment: data3 used once
data4 0000003C

Symbol: data4
   Definitions
      At line 31 in file Lab4_2.s
   Uses
      None
Comment: data4 unused
data5 00000040

Symbol: data5
   Definitions
      At line 32 in file Lab4_2.s
   Uses
      None
Comment: data5 unused
lab4_2 00000000

Symbol: lab4_2
   Definitions
      At line 1 in file Lab4_2.s
   Uses
      None
Comment: lab4_2 unused
start 00000000




ARM Macro Assembler    Page 2 Alphabetic symbol ordering
Relocatable symbols

Symbol: start
   Definitions
      At line 5 in file Lab4_2.s
   Uses
      None
Comment: start unused
8 symbols
345 symbols in table
