


ARM Macro Assembler    Page 1 


    1 00000000                 area             lab4_1, code
    2 00000000                 entry
    3 00000000         __main  proc
    4 00000000                 export           __main[weak]
    5 00000000 F89F 0044 
                       start   ldrb             r0, data1
    6 00000004 F89F 1041       ldrb             r1, data2
    7 00000008 F89F 3044       ldrb             r3, mask1
    8 0000000C F89F 4041       ldrb             r4, mask2
    9 00000010 EA10 0503       ands             r5, r0, r3
   10 00000014         ;  tst  r0, r3
   11 00000014 F040 0008       orr              r0, r0, #0x08
   12 00000018 EA00 0504       and              r5, r0, r4
   13 0000001C         ;
   14 0000001C EA80 0603       eor              r6, r0, r3
   15 00000020 F090 06AF       eors             r6, r0, #2_10101111
   16 00000024         ;  teq  r0, #2_10101111
   17 00000024 EA80 0600       eor              r6, r0, r0
   18 00000028         ;  
   19 00000028 4F0A            ldr              r7, =ramdata
   20 0000002A 71B8            strb             r0, [r7, #0x6]
   21 0000002C         ;
   22 0000002C         ;
   23 0000002C 4807            ldr              r0, data3
   24 0000002E F020 06F0       bic              r6, r0, #0x0f0
   25 00000032         ;  
   26 00000032 4D06            ldr              r5, data3
   27 00000034 F305 060F       ssat             r6, #16, r5
   28 00000038         ;
   29 00000038 F3EF 8000       mrs              r0, APSR
   30 0000003C EA00 6004       and              r0, r0, r4, lsl #24
   31 00000040 F380 8800       msr              APSR, r0
   32 00000044         ;
   33 00000044 E7FE            b                .
   34 00000046                 endp
   35 00000046 00 00           align
   36 00000048 38      data1   dcb              '8'
   37 00000049 A5      data2   dcb              2_10100101
   38 0000004A 00 00           align
   39 0000004C 00011234 
                       data3   dcd              0x00011234
   40 00000050 10      mask1   dcb              2_00010000
   41 00000051 F7      mask2   dcb              2_11110111
   42 00000052 00 00           align
   43 00000054 00000000        area             lab4data, data
   44 00000000 00 00 00 
              00 00 00 
              00 00 00 
              00 00 00 
              00 00 00 
              00       ramdata space            16
   45 00000010                 end
Command Line: --debug --xref --diag_suppress=9931,A1950W --cpu=Cortex-M3 --depe
nd=.\objects\lab4_1.d -o.\objects\lab4_1.o -I.\RTE\Device\STM32F103RB -I.\RTE\_
Target_1 -IC:\Users\jwkim\AppData\Local\Arm\Packs\ARM\CMSIS\5.9.0\CMSIS\Core\In
clude -IC:\Users\jwkim\AppData\Local\Arm\Packs\Keil\STM32F1xx_DFP\2.4.0\Device\
Include --predefine="__EVAL SETA 1" --predefine="__UVISION_VERSION SETA 538" --
predefine="_RTE_ SETA 1" --predefine="STM32F10X_MD SETA 1" --predefine="_RTE_ S
ETA 1" --predefine="STM32F10x_MD_VL SETA 1" --list=.\listings\lab4_1.lst Lab4_1



ARM Macro Assembler    Page 2 


.s



ARM Macro Assembler    Page 1 Alphabetic symbol ordering
Relocatable symbols

__main 00000000

Symbol: __main
   Definitions
      At line 3 in file Lab4_1.s
   Uses
      At line 4 in file Lab4_1.s
Comment: __main used once
data1 00000048

Symbol: data1
   Definitions
      At line 36 in file Lab4_1.s
   Uses
      At line 5 in file Lab4_1.s
Comment: data1 used once
data2 00000049

Symbol: data2
   Definitions
      At line 37 in file Lab4_1.s
   Uses
      At line 6 in file Lab4_1.s
Comment: data2 used once
data3 0000004C

Symbol: data3
   Definitions
      At line 39 in file Lab4_1.s
   Uses
      At line 23 in file Lab4_1.s
      At line 26 in file Lab4_1.s

lab4_1 00000000

Symbol: lab4_1
   Definitions
      At line 1 in file Lab4_1.s
   Uses
      None
Comment: lab4_1 unused
mask1 00000050

Symbol: mask1
   Definitions
      At line 40 in file Lab4_1.s
   Uses
      At line 7 in file Lab4_1.s
Comment: mask1 used once
mask2 00000051

Symbol: mask2
   Definitions
      At line 41 in file Lab4_1.s
   Uses
      At line 8 in file Lab4_1.s
Comment: mask2 used once
start 00000000




ARM Macro Assembler    Page 2 Alphabetic symbol ordering
Relocatable symbols

Symbol: start
   Definitions
      At line 5 in file Lab4_1.s
   Uses
      None
Comment: start unused
8 symbols



ARM Macro Assembler    Page 1 Alphabetic symbol ordering
Relocatable symbols

lab4data 00000000

Symbol: lab4data
   Definitions
      At line 43 in file Lab4_1.s
   Uses
      None
Comment: lab4data unused
ramdata 00000000

Symbol: ramdata
   Definitions
      At line 44 in file Lab4_1.s
   Uses
      At line 19 in file Lab4_1.s
Comment: ramdata used once
2 symbols
347 symbols in table
