


ARM Macro Assembler    Page 1 


    1 00000000                 area             midcode_sub, code
    2 00000000                 export           timeofday
    3 00000000                 entry
    4 00000000         timeofday
                               proc
    5 00000000         ;-------------- insert your code between the lines -----
                       ---------
    6 00000000         ; saving context
    7 00000000 B53F            push             {r0-r5,lr}
    8 00000002         ; load parameter
    9 00000002 990A            ldr              r1, [sp, #0x28] 
                                                            ; address of count
   10 00000004         ; calculating hh, mm, ss
   11 00000004 F04F 043C       mov              r4, #60     ; saving divisor
   12 00000008 6809            ldr              r1, [r1]    ; load count number
                                                            
   13 0000000A FBB1 F2F4       udiv             r2, r1, r4  ; r2: min (min + ho
                                                            ur*60) ; min = coun
                                                            t // 60
   14 0000000E         ; get integer ss
   15 0000000E FB02 1114       mls              r1, r2, r4, r1 ; r1: sec     ; 
                                                            sec = count % 60
   16 00000012         ; calling dec2ascii
   17 00000012 4608            mov              r0, r1
   18 00000014 F7FF FFFE       bl               dec2ascii
   19 00000018 9D09            ldr              r5, [sp,#0x24] ; address of sec
                                                            
   20 0000001A 8028            strh             r0, [r5]    ; save ascii ss to 
                                                            sec
   21 0000001C         ; get integer hh
   22 0000001C FBB2 F3F4       udiv             r3, r2, r4  ; r3: hour     ; ho
                                                            ur = min // 60
   23 00000020         ; calling dec2ascii
   24 00000020 4618            mov              r0, r3
   25 00000022 F7FF FFFE       bl               dec2ascii
   26 00000026 9D07            ldr              r5, [sp,#0x1C] 
                                                            ; address of hour
   27 00000028 8028            strh             r0, [r5]    ; save ascii hh to 
                                                            hour
   28 0000002A         ; get integer mm
   29 0000002A FB03 2214       mls              r2, r3, r4, r2 ; r4: min (min %
                                                             60)  ; min = min %
                                                             60
   30 0000002E         ; calling dec2ascii
   31 0000002E 4610            mov              r0, r2
   32 00000030 F7FF FFFE       bl               dec2ascii
   33 00000034 9D08            ldr              r5, [sp,#0x20] ; address of min
                                                            
   34 00000036 8028            strh             r0, [r5]    ; save ascii mm to 
                                                            min 
   35 00000038         ; return to main.s
   36 00000038 BD3F            pop              {r0-r5,pc}
   37 0000003A                 endp
   38 0000003A         
   39 0000003A         dec2ascii
                               proc
   40 0000003A B470            push             {r4-r6}     ; parameter passing
                                                             by r0
   41 0000003C F04F 040A       mov              r4, #10     ; saving divisor



ARM Macro Assembler    Page 2 


   42 00000040 FBB0 F5F4       udiv             r5, r0, r4  ; r5: integer tens
   43 00000044 FB05 0614       mls              r6, r5, r4, r0 
                                                            ; r6: integer ones
   44 00000048 F105 0530       add              r5, #0x30   ; r5: ascii tens
   45 0000004C F106 0630       add              r6, #0x30   ; r6: ascii ones
   46 00000050 EA46 2005       orr              r0, r6, r5, LSL #8 ; r0 <= (r5 
                                                            << 8) | r6
   47 00000054 BC70            pop              {r4-r6}
   48 00000056 4770            bx               lr
   49 00000058                 endp
   50 00000058         ;-------------------------------------------------------
                       ---------
   51 00000058                 endp
   52 00000058                 end
Command Line: --debug --xref --diag_suppress=9931,A1950W --cpu=Cortex-M3 --depe
nd=.\objects\sub.d -o.\objects\sub.o -I.\RTE\Device\STM32F103RB -I.\RTE\_Target
_1 -IC:\Users\jwkim\AppData\Local\Arm\Packs\ARM\CMSIS\5.9.0\CMSIS\Core\Include 
-IC:\Users\jwkim\AppData\Local\Arm\Packs\Keil\STM32F1xx_DFP\2.4.0\Device\Includ
e --predefine="__EVAL SETA 1" --predefine="__UVISION_VERSION SETA 538" --predef
ine="_RTE_ SETA 1" --predefine="STM32F10X_MD SETA 1" --predefine="_RTE_ SETA 1"
 --predefine="STM32F10X_MD_VL SETA 1" --list=.\listings\sub.lst sub.s



ARM Macro Assembler    Page 1 Alphabetic symbol ordering
Relocatable symbols

dec2ascii 0000003A

Symbol: dec2ascii
   Definitions
      At line 39 in file sub.s
   Uses
      At line 18 in file sub.s
      At line 25 in file sub.s
      At line 32 in file sub.s

midcode_sub 00000000

Symbol: midcode_sub
   Definitions
      At line 1 in file sub.s
   Uses
      None
Comment: midcode_sub unused
timeofday 00000000

Symbol: timeofday
   Definitions
      At line 4 in file sub.s
   Uses
      At line 2 in file sub.s
Comment: timeofday used once
3 symbols
338 symbols in table
