


ARM Macro Assembler    Page 1 


    1 00000000 40021018 
                       RCC_APB2ENR
                               equ              0x40021018
    2 00000000 40011400 
                       GPIOD_CRL
                               equ              0x40011400
    3 00000000 4001140C 
                       GPIOD_ODR
                               equ              0x4001140C
    4 00000000 40010414 
                       EXTI_PR equ              0x40010414
    5 00000000 40010400 
                       EXTI_IMR
                               equ              0x40010400
    6 00000000 40010408 
                       EXTI_RTSR
                               equ              0x40010408
    7 00000000 4001040C 
                       EXTI_FTSR
                               equ              0x4001040C
    8 00000000 40010014 
                       AFIO_EXTICR4
                               equ              0x40010014
    9 00000000 E000E100 
                       NVIC_ISER0
                               equ              0xE000E100
   10 00000000 E000E104 
                       NVIC_ISER1
                               equ              0xE000E104
   11 00000000                 export           EXTI15_10_IRQHandler
   12 00000000                 export           EXTI0_IRQHandler
   13 00000000                 area             lab7_1, code
   14 00000000                 entry
   15 00000000         __main  proc
   16 00000000                 export           __main [weak]
   17 00000000         ; GPIO initialization
   18 00000000 4823            ldr              r0,=RCC_APB2ENR
   19 00000002 F04F 0121       ldr              r1,=0x00000021 ;IOPDEN, AFIOEN
   20 00000006 6001            str              r1,[r0]
   21 00000008 4822            ldr              r0,=0x42420300
   22 0000000A F04F 0100       ldr              r1,=0x0
   23 0000000E 6001            str              r1, [r0]
   24 00000010 4821            ldr              r0,=GPIOD_CRL
   25 00000012 F04F 3133       ldr              r1,=0x33333333
   26 00000016 6001            str              r1,[r0]
   27 00000018         ; AFIO
   28 00000018 4820            ldr              r0,=AFIO_EXTICR4
   29 0000001A F04F 0120       ldr              r1,=0x00000020
   30 0000001E 6001            str              r1,[r0]
   31 00000020 481F            ldr              r0,=0x42200290
   32 00000022 F04F 0101       ldr              r1,=0x1
   33 00000026 6001            str              r1, [r0]
   34 00000028         ; EXTI initialization
   35 00000028 F44F 5100       ldr              r1,=0x00002000
   36 0000002C 481D            ldr              r0,=EXTI_FTSR
   37 0000002E 6001            str              r1,[r0]
   38 00000030 F04F 0101       ldr              r1,=0x00000001
   39 00000034 481C            ldr              r0,=EXTI_RTSR
   40 00000036 6001            str              r1,[r0]



ARM Macro Assembler    Page 2 


   41 00000038 F242 0101       ldr              r1,=0x00002001
   42 0000003C 481B            ldr              r0,=EXTI_IMR
   43 0000003E 6001            str              r1,[r0]
   44 00000040         ; NVIC_ISER
   45 00000040 481B            ldr              r0,=NVIC_ISER1
   46 00000042 F44F 7180       ldr              r1,=0x00000100
   47 00000046 6001            str              r1,[r0]
   48 00000048 481A            ldr              r0,=NVIC_ISER0
   49 0000004A F04F 0140       ldr              r1, =0x00000040
   50 0000004E 6001            str              r1, [r0]
   51 00000050 4819            ldr              r0,=GPIOD_ODR
   52 00000052 F04F 054A       mov              r5,#2_01001010
   53 00000056 4B19            ldr              r3,=sdata
   54 00000058 601D            str              r5,[r3]
   55 0000005A 681C    loop    ldr              r4,[r3]
   56 0000005C 6004            str              r4,[r0]
   57 0000005E E7FC            b                loop
   58 00000060                 endp
   59 00000060         ;
   60 00000060         EXTI15_10_IRQHandler
                               proc
   61 00000060 B430            push             {r4,r5}
   62 00000062 4C16            ldr              r4,=sdata
   63 00000064 6825            ldr              r5,[r4]
   64 00000066 F105 0501       add              r5,#0x1
   65 0000006A 6025            str              r5,[r4]
   66 0000006C 4C15            ldr              r4,=EXTI_PR
   67 0000006E F44F 5500       ldr              r5,=0x00002000
   68 00000072 6025            str              r5,[r4]
   69 00000074 BC30            pop              {r4,r5}
   70 00000076 4770            bx               lr
   71 00000078                 endp
   72 00000078         EXTI0_IRQHandler
                               proc
   73 00000078 B430            push             {r4,r5}
   74 0000007A 4C10            ldr              r4,=sdata
   75 0000007C 6825            ldr              r5,[r4]
   76 0000007E F1A5 0501       sub              r5,#0x1
   77 00000082 6025            str              r5,[r4]
   78 00000084 4C0F            ldr              r4,=EXTI_PR
   79 00000086 F04F 0501       ldr              r5,=0x00000001
   80 0000008A 6025            str              r5,[r4]
   81 0000008C BC30            pop              {r4,r5}
   82 0000008E 4770            bx               lr
   83 00000090                 endp
   84 00000090                 align
   85 00000090 40021018 
              42420300 
              40011400 
              40010014 
              42200290 
              4001040C 
              40010408 
              40010400 
              E000E104 
              E000E100 
              4001140C 
              00000000 
              00000000 



ARM Macro Assembler    Page 3 


              40010414 
              00000000         area             lab7, data
   86 00000000 00000000 
                       sdata   dcd              0x00
   87 00000004                 end
Command Line: --debug --xref --diag_suppress=9931,A1950W --cpu=Cortex-M3 --depe
nd=.\objects\lab7_1.d -o.\objects\lab7_1.o -I.\RTE\Device\STM32F103RB -I.\RTE\_
Target_1 -IC:\Users\jwkim\AppData\Local\Arm\Packs\ARM\CMSIS\5.9.0\CMSIS\Core\In
clude -IC:\Users\jwkim\AppData\Local\Arm\Packs\Keil\STM32F1xx_DFP\2.4.0\Device\
Include --predefine="__EVAL SETA 1" --predefine="__UVISION_VERSION SETA 538" --
predefine="_RTE_ SETA 1" --predefine="STM32F10X_MD SETA 1" --predefine="_RTE_ S
ETA 1" --predefine="STM32F10x_MD_VL SETA 1" --list=.\listings\lab7_1.lst Lab7_1
.s



ARM Macro Assembler    Page 1 Alphabetic symbol ordering
Relocatable symbols

EXTI0_IRQHandler 00000078

Symbol: EXTI0_IRQHandler
   Definitions
      At line 72 in file Lab7_1.s
   Uses
      At line 12 in file Lab7_1.s
Comment: EXTI0_IRQHandler used once
EXTI15_10_IRQHandler 00000060

Symbol: EXTI15_10_IRQHandler
   Definitions
      At line 60 in file Lab7_1.s
   Uses
      At line 11 in file Lab7_1.s
Comment: EXTI15_10_IRQHandler used once
__main 00000000

Symbol: __main
   Definitions
      At line 15 in file Lab7_1.s
   Uses
      At line 16 in file Lab7_1.s
Comment: __main used once
lab7_1 00000000

Symbol: lab7_1
   Definitions
      At line 13 in file Lab7_1.s
   Uses
      None
Comment: lab7_1 unused
loop 0000005A

Symbol: loop
   Definitions
      At line 55 in file Lab7_1.s
   Uses
      At line 57 in file Lab7_1.s
Comment: loop used once
5 symbols



ARM Macro Assembler    Page 1 Alphabetic symbol ordering
Relocatable symbols

lab7 00000000

Symbol: lab7
   Definitions
      At line 85 in file Lab7_1.s
   Uses
      None
Comment: lab7 unused
sdata 00000000

Symbol: sdata
   Definitions
      At line 86 in file Lab7_1.s
   Uses
      At line 53 in file Lab7_1.s
      At line 62 in file Lab7_1.s
      At line 74 in file Lab7_1.s

2 symbols



ARM Macro Assembler    Page 1 Alphabetic symbol ordering
Absolute symbols

AFIO_EXTICR4 40010014

Symbol: AFIO_EXTICR4
   Definitions
      At line 8 in file Lab7_1.s
   Uses
      At line 28 in file Lab7_1.s
Comment: AFIO_EXTICR4 used once
EXTI_FTSR 4001040C

Symbol: EXTI_FTSR
   Definitions
      At line 7 in file Lab7_1.s
   Uses
      At line 36 in file Lab7_1.s
Comment: EXTI_FTSR used once
EXTI_IMR 40010400

Symbol: EXTI_IMR
   Definitions
      At line 5 in file Lab7_1.s
   Uses
      At line 42 in file Lab7_1.s
Comment: EXTI_IMR used once
EXTI_PR 40010414

Symbol: EXTI_PR
   Definitions
      At line 4 in file Lab7_1.s
   Uses
      At line 66 in file Lab7_1.s
      At line 78 in file Lab7_1.s

EXTI_RTSR 40010408

Symbol: EXTI_RTSR
   Definitions
      At line 6 in file Lab7_1.s
   Uses
      At line 39 in file Lab7_1.s
Comment: EXTI_RTSR used once
GPIOD_CRL 40011400

Symbol: GPIOD_CRL
   Definitions
      At line 2 in file Lab7_1.s
   Uses
      At line 24 in file Lab7_1.s
Comment: GPIOD_CRL used once
GPIOD_ODR 4001140C

Symbol: GPIOD_ODR
   Definitions
      At line 3 in file Lab7_1.s
   Uses
      At line 51 in file Lab7_1.s
Comment: GPIOD_ODR used once
NVIC_ISER0 E000E100




ARM Macro Assembler    Page 2 Alphabetic symbol ordering
Absolute symbols

Symbol: NVIC_ISER0
   Definitions
      At line 9 in file Lab7_1.s
   Uses
      At line 48 in file Lab7_1.s
Comment: NVIC_ISER0 used once
NVIC_ISER1 E000E104

Symbol: NVIC_ISER1
   Definitions
      At line 10 in file Lab7_1.s
   Uses
      At line 45 in file Lab7_1.s
Comment: NVIC_ISER1 used once
RCC_APB2ENR 40021018

Symbol: RCC_APB2ENR
   Definitions
      At line 1 in file Lab7_1.s
   Uses
      At line 18 in file Lab7_1.s
Comment: RCC_APB2ENR used once
10 symbols
354 symbols in table
